Usuario@DESKTOP-FGG12R3 MINGW64 ~
$ F:\ Curso Git\git-course
bash: F: Curso: command not found

Usuario@DESKTOP-FGG12R3 MINGW64 ~
$ ^C

Usuario@DESKTOP-FGG12R3 MINGW64 ~
$ ^[[200~cd "F:/Curso Git/git-course"   # Usando aspas
bash: $'\E[200~cd': command not found

Usuario@DESKTOP-FGG12R3 MINGW64 ~
$ # OU

Usuario@DESKTOP-FGG12R3 MINGW64 ~
$ cd F:Curso\ Gitgit-course    # Usando barra invertida para escapar o espa√ßo
bash: cd: F:Curso Gitgit-course: No such file or directory

Usuario@DESKTOP-FGG12R3 MINGW64 ~
$ ^C

Usuario@DESKTOP-FGG12R3 MINGW64 ~
$ cd\f
bash: cdf: command not found

Usuario@DESKTOP-FGG12R3 MINGW64 ~
$ cd/f
bash: cd/f: No such file or directory

Usuario@DESKTOP-FGG12R3 MINGW64 ~
$ cd /f

Usuario@DESKTOP-FGG12R3 MINGW64 /f
$ cd Curso\ Git/git-course

Usuario@DESKTOP-FGG12R3 MINGW64 /f/Curso Git/git-course (master)
$ ssh-keygen -t ed25519 -C "herivelto.spaiva2014@gmail.com"
Generating public/private ed25519 key pair.
Enter file in which to save the key (/c/Users/Usuario/.ssh/id_ed25519):

Usuario@DESKTOP-FGG12R3 MINGW64 /f/Curso Git/git-course (master)
$ ssh-keygen -t ed25519 -c "herivelto.spaiva2014@gmail.com"
Too many arguments.
usage: ssh-keygen [-q] [-a rounds] [-b bits] [-C comment] [-f output_keyfile]
                  [-m format] [-N new_passphrase] [-O option]
                  [-t dsa | ecdsa | ecdsa-sk | ed25519 | ed25519-sk | rsa]
                  [-w provider] [-Z cipher]
       ssh-keygen -p [-a rounds] [-f keyfile] [-m format] [-N new_passphrase]
                   [-P old_passphrase] [-Z cipher]
       ssh-keygen -i [-f input_keyfile] [-m key_format]
       ssh-keygen -e [-f input_keyfile] [-m key_format]
       ssh-keygen -y [-f input_keyfile]
       ssh-keygen -c [-a rounds] [-C comment] [-f keyfile] [-P passphrase]
       ssh-keygen -l [-v] [-E fingerprint_hash] [-f input_keyfile]
       ssh-keygen -B [-f input_keyfile]
       ssh-keygen -D pkcs11
       ssh-keygen -F hostname [-lv] [-f known_hosts_file]
       ssh-keygen -H [-f known_hosts_file]
       ssh-keygen -K [-a rounds] [-w provider]
       ssh-keygen -R hostname [-f known_hosts_file]
       ssh-keygen -r hostname [-g] [-f input_keyfile]
       ssh-keygen -M generate [-O option] output_file
       ssh-keygen -M screen [-f input_file] [-O option] output_file
       ssh-keygen -I certificate_identity -s ca_key [-hU] [-D pkcs11_provider]
                  [-n principals] [-O option] [-V validity_interval]
                  [-z serial_number] file ...
       ssh-keygen -L [-f input_keyfile]
       ssh-keygen -A [-a rounds] [-f prefix_path]
       ssh-keygen -k -f krl_file [-u] [-s ca_public] [-z version_number]
                  file ...
       ssh-keygen -Q [-l] -f krl_file [file ...]
       ssh-keygen -Y find-principals -s signature_file -f allowed_signers_file
       ssh-keygen -Y match-principals -I signer_identity -f allowed_signers_file
       ssh-keygen -Y check-novalidate -n namespace -s signature_file
       ssh-keygen -Y sign -f key_file -n namespace file [-O option] ...
       ssh-keygen -Y verify -f allowed_signers_file -I signer_identity
                  -n namespace -s signature_file [-r krl_file] [-O option]

Usuario@DESKTOP-FGG12R3 MINGW64 /f/Curso Git/git-course (master)
$

Usuario@DESKTOP-FGG12R3 MINGW64 /f/Curso Git/git-course (master)
$ ls ~/.ssh
ls: cannot access '/c/Users/Usuario/.ssh': No such file or directory

Usuario@DESKTOP-FGG12R3 MINGW64 /f/Curso Git/git-course (master)
$ ssh-keygen -t ed25519 -C "herivelto.spaiva2014@gmail.com"
Generating public/private ed25519 key pair.
Enter file in which to save the key (/c/Users/Usuario/.ssh/id_ed25519):
Created directory '/c/Users/Usuario/.ssh'.
Enter passphrase for "/c/Users/Usuario/.ssh/id_ed25519" (empty for no passphrase):
Enter same passphrase again:
Your identification has been saved in /c/Users/Usuario/.ssh/id_ed25519
Your public key has been saved in /c/Users/Usuario/.ssh/id_ed25519.pub
The key fingerprint is:
SHA256:zlhwRWCDQTRhoemVKO5vgLiTbTavnAWkiURKK/tu4kQ herivelto.spaiva2014@gmail.com
The key's randomart image is:
+--[ED25519 256]--+
| o   oO=+oo      |
|+ .  =.+ o       |
|ooo + + .        |
|+* o . o         |
|*Eo .   S        |
|+o..   =         |
| =o.. . o        |
|*o*+.            |
|.B==o            |
+----[SHA256]-----+

Usuario@DESKTOP-FGG12R3 MINGW64 /f/Curso Git/git-course (master)
$ ls ~/.ssh
id_ed25519  id_ed25519.pub

Usuario@DESKTOP-FGG12R3 MINGW64 /f/Curso Git/git-course (master)
$ cat ~/.ssh/id_ed25519.pub
ssh-ed25519 AAAAC3NzaC1lZDI1NTE5AAAAICzxwJ+uecN3kGBxMZFE2+Z2UuHwbC7l64bL4pIgzMp1 herivelto.spaiva2014@gmail.com
snha:10111213

Usuario@DESKTOP-FGG12R3 MINGW64 /f/Curso Git/git-course (master)
